Microsoft HTML Help Compiler 4.74.8702

Compiling e:\Something\Helpers\test.chm

topics\ÐÂÖ÷Ìâ.htm
img\icon.jpg
css\styles_standard.css

Compile time: 0 minutes, 0 seconds
2	Topics
1	Local link
0	Internet links
1	Graphic


Created e:\Something\Helpers\test.chm, 13,437 bytes
Compression increased file by 6,865 bytes.
